------------------------------------------------------------
Timing Analyzer Summary
------------------------------------------------------------

Type  : Slow 1100mV 85C Model Setup 'clk'
Slack : -4.311
TNS   : -557.209

Type  : Slow 1100mV 85C Model Hold 'clk'
Slack : 0.340
TNS   : 0.000

Type  : Slow 1100mV 85C Model Minimum Pulse Width 'clk'
Slack : -3.166
TNS   : -657.412

Type  : Slow 1100mV 0C Model Setup 'clk'
Slack : -4.534
TNS   : -562.372

Type  : Slow 1100mV 0C Model Hold 'clk'
Slack : 0.319
TNS   : 0.000

Type  : Slow 1100mV 0C Model Minimum Pulse Width 'clk'
Slack : -3.166
TNS   : -656.837

Type  : Fast 1100mV 85C Model Setup 'clk'
Slack : -1.438
TNS   : -124.691

Type  : Fast 1100mV 85C Model Hold 'clk'
Slack : 0.162
TNS   : 0.000

Type  : Fast 1100mV 85C Model Minimum Pulse Width 'clk'
Slack : -2.174
TNS   : -271.085

Type  : Fast 1100mV 0C Model Setup 'clk'
Slack : -1.341
TNS   : -103.973

Type  : Fast 1100mV 0C Model Hold 'clk'
Slack : 0.149
TNS   : 0.000

Type  : Fast 1100mV 0C Model Minimum Pulse Width 'clk'
Slack : -2.174
TNS   : -271.535

------------------------------------------------------------
